[arxiv.org/abs/1901.html]
[arxiv.org/index.html]
[backblue.gif]
[fade.gif]
[index.html]
[arxiv.org/favicon.ico]
[webanalytics.library.cornell.edu/index.html]
[maxcdn.bootstrapcdn.com/font-awesome/4.7.0/css/font-awesome.min.css]
[arxiv-org.atlassian.net/s/d41d8cd98f00b204e9800998ecf8427e-T/zca7yc/b/13/a44af77267a987a660377e5c46e0fb64/_/download/batch/com.atlassian.jira.collector.plugin.jira-issue-/com.atlassian.jira.collector.plugin.jira-issue-collector-plug]
[static.arxiv.org/js/mathjaxToggle.min.js]
[webanalytics.library.cornell.edu/piwikf25d.gif]
[www.cornell.edu/index.html]
[confluence.cornell.edu/pages/viewpaged0f1.html]
[arxiv.org/list/math/recent.html]
[arxiv.org/pdf/1901.00349.pdf]
[arxiv.org/list/math.SP/new.html]
[arxiv.org/help.html]
[arxiv.org/list/math.SP/recent.html]
[arxiv.org/list/math.SP/1901.html]
[arxiv.org/abs/1901ddb4.html]
[arxiv.org/abs/19012c3e.html]
[arxiv.org/abs/19011db8.html]
[arxiv.org/help/social_bookmarking.16.delayed]
[static.arxiv.org/icons/social/citeulike.png]
[ui.adsabs.harvard.edu/index.html]
[static.arxiv.org/icons/social/bibsonomy.png]
[static.arxiv.org/icons/social/mendeley.png]
[static.arxiv.org/icons/social/reddit.png]
[static.arxiv.org/icons/social/sciencewise.png]
[arxiv.org/abs/1901-2.html]
[arxiv.org/show-email/8be3ca46/1901.1d.delayed]
[arxiv.org/login7a85.html]
[arxiv.org/help/mathjax.html]
[confluence.cornell.edu/display/arxivpub/Browse+v0.html]
[arxiv.org/about.html]
[arxiv.org/about/people/leadership_team.html]
[twitter.com/arxiv.html]
[arxiv.org/help/contact.html]
[arxiv.org/help/policies/privacy_policy.html]
[arxiv.org/abs/1901.html]
[arxiv.org/help/subscribe.html]
[blogs.cornell.edu/arxiv/index.html]
[arxiv.org/login.html]
[confluence.cornell.edu/display/arxivpub/arXiv+Update+-+January+2019.html]
[arxiv.org/help/robots.html]
[arxiv.org/new/index.html]
[arxiv.org/archive/astro-ph.html]
[arxiv.org/list/astro-ph/recent.html]
[arxiv.org/list/astro-ph.GA/recent.html]
[arxiv.org/list/astro-ph/new.html]
[arxiv.org/list/astro-ph.CO/recent.html]
[arxiv.org/list/astro-ph.EP/recent.html]
[arxiv.org/list/astro-ph.HE/recent.html]
[arxiv.org/list/astro-ph.IM/recent.html]
[arxiv.org/list/astro-ph.SR/recent.html]
[arxiv.org/archive/cond-mat.html]
[arxiv.org/list/cond-mat/new.html]
[arxiv.org/list/cond-mat/recent.html]
[arxiv.org/list/cond-mat.dis-nn/recent.html]
[arxiv.org/list/cond-mat.mtrl-sci/recent.html]
[arxiv.org/list/cond-mat.mes-hall/recent.html]
[arxiv.org/list/cond-mat.other/recent.html]
[arxiv.org/list/cond-mat.quant-gas/recent.html]
[arxiv.org/list/cond-mat.soft/recent.html]
[arxiv.org/list/cond-mat.stat-mech/recent.html]
[arxiv.org/list/cond-mat.str-el/recent.html]
[arxiv.org/list/cond-mat.supr-con/recent.html]
[arxiv.org/archive/gr-qc.html]
[arxiv.org/list/gr-qc/new.html]
[arxiv.org/list/gr-qc/recent.html]
[arxiv.org/archive/hep-ex.html]
[arxiv.org/list/hep-ex/new.html]
[arxiv.org/list/hep-ex/recent.html]
[arxiv.org/archive/hep-lat.html]
[arxiv.org/list/hep-lat/new.html]
[arxiv.org/list/hep-lat/recent.html]
[arxiv.org/archive/hep-ph.html]
[arxiv.org/list/hep-ph/new.html]
[arxiv.org/list/hep-ph/recent.html]
[arxiv.org/archive/hep-th.html]
[arxiv.org/list/hep-th/new.html]
[arxiv.org/list/hep-th/recent.html]
[arxiv.org/archive/math-ph.html]
[arxiv.org/list/math-ph/new.html]
[arxiv.org/list/math-ph/recent.html]
[arxiv.org/archive/nlin.html]
[arxiv.org/list/nlin/new.html]
[arxiv.org/list/nlin/recent.html]
[arxiv.org/list/nlin.AO/recent.html]
[arxiv.org/list/nlin.CG/recent.html]
[arxiv.org/list/nlin.CD/recent.html]
[arxiv.org/list/nlin.SI/recent.html]
[arxiv.org/list/nlin.PS/recent.html]
[arxiv.org/archive/nucl-ex.html]
[arxiv.org/list/nucl-ex/new.html]
[arxiv.org/list/nucl-ex/recent.html]
[arxiv.org/archive/nucl-th.html]
[arxiv.org/list/nucl-th/new.html]
[arxiv.org/list/nucl-th/recent.html]
[arxiv.org/archive/physics.html]
[arxiv.org/list/physics/new.html]
[arxiv.org/list/physics/recent.html]
[arxiv.org/list/physics.acc-ph/recent.html]
[arxiv.org/list/physics.app-ph/recent.html]
[arxiv.org/list/physics.ao-ph/recent.html]
[arxiv.org/list/physics.atom-ph/recent.html]
[arxiv.org/list/physics.atm-clus/recent.html]
[arxiv.org/list/physics.bio-ph/recent.html]
[arxiv.org/list/physics.chem-ph/recent.html]
[arxiv.org/list/physics.class-ph/recent.html]
[arxiv.org/list/physics.comp-ph/recent.html]
[arxiv.org/list/physics.data-an/recent.html]
[arxiv.org/list/physics.flu-dyn/recent.html]
[arxiv.org/list/physics.gen-ph/recent.html]
[arxiv.org/list/physics.geo-ph/recent.html]
[arxiv.org/list/physics.hist-ph/recent.html]
[arxiv.org/list/physics.ins-det/recent.html]
[arxiv.org/list/physics.med-ph/recent.html]
[arxiv.org/list/physics.optics/recent.html]
[arxiv.org/list/physics.ed-ph/recent.html]
[arxiv.org/list/physics.soc-ph/recent.html]
[arxiv.org/list/physics.plasm-ph/recent.html]
[arxiv.org/list/physics.pop-ph/recent.html]
[arxiv.org/list/physics.space-ph/recent.html]
[arxiv.org/archive/quant-ph.html]
[arxiv.org/list/quant-ph/new.html]
[arxiv.org/list/quant-ph/recent.html]
[arxiv.org/archive/math.html]
[arxiv.org/new/math.html]
[arxiv.org/new/math.html]
[arxiv.org/list/math/new.html]
[arxiv.org/list/math.AG/recent.html]
[arxiv.org/list/math.AT/recent.html]
[arxiv.org/list/math.AP/recent.html]
[arxiv.org/list/math.CT/recent.html]
[arxiv.org/list/math.CA/recent.html]
[arxiv.org/list/math.CO/recent.html]
[arxiv.org/list/math.AC/recent.html]
[arxiv.org/list/math.CV/recent.html]
[arxiv.org/list/math.DG/recent.html]
[arxiv.org/list/math.DS/recent.html]
[arxiv.org/list/math.FA/recent.html]
[arxiv.org/list/math.GM/recent.html]
[arxiv.org/list/math.GN/recent.html]
[arxiv.org/list/math.GT/recent.html]
[arxiv.org/list/math.GR/recent.html]
[arxiv.org/list/math.HO/recent.html]
[arxiv.org/list/math.IT/recent.html]
[arxiv.org/list/math.KT/recent.html]
[arxiv.org/list/math.LO/recent.html]
[arxiv.org/list/math.MP/recent.html]
[arxiv.org/list/math.MG/recent.html]
[arxiv.org/list/math.NT/recent.html]
[arxiv.org/list/math.NA/recent.html]
[arxiv.org/list/math.OA/recent.html]
[arxiv.org/list/math.OC/recent.html]
[arxiv.org/list/math.PR/recent.html]
[arxiv.org/list/math.QA/recent.html]
[arxiv.org/list/math.RT/recent.html]
[arxiv.org/list/math.RA/recent.html]
[arxiv.org/list/math.ST/recent.html]
[arxiv.org/list/math.SG/recent.html]
[arxiv.org/corr.html]
[arxiv.org/list/cs/recent.html]
[arxiv.org/list/cs/new.html]
[arxiv.org/corr/subjectclasses.html]
[arxiv.org/list/cs.AI/recent.html]
[arxiv.org/list/cs.CL/recent.html]
[arxiv.org/list/cs.CC/recent.html]
[arxiv.org/list/cs.CE/recent.html]
[arxiv.org/list/cs.CG/recent.html]
[arxiv.org/list/cs.GT/recent.html]
[arxiv.org/list/cs.CV/recent.html]
[arxiv.org/list/cs.CY/recent.html]
[arxiv.org/list/cs.CR/recent.html]
[arxiv.org/list/cs.DS/recent.html]
[arxiv.org/list/cs.DB/recent.html]
[arxiv.org/list/cs.DL/recent.html]
[arxiv.org/list/cs.DM/recent.html]
[arxiv.org/list/cs.DC/recent.html]
[arxiv.org/list/cs.ET/recent.html]
[arxiv.org/list/cs.FL/recent.html]
[arxiv.org/list/cs.GL/recent.html]
[arxiv.org/list/cs.GR/recent.html]
[arxiv.org/list/cs.AR/recent.html]
[arxiv.org/list/cs.HC/recent.html]
[arxiv.org/list/cs.IR/recent.html]
[arxiv.org/list/cs.IT/recent.html]
[arxiv.org/list/cs.LO/recent.html]
[arxiv.org/list/cs.LG/recent.html]
[arxiv.org/list/cs.MS/recent.html]
[arxiv.org/list/cs.MA/recent.html]
[arxiv.org/list/cs.MM/recent.html]
[arxiv.org/list/cs.NI/recent.html]
[arxiv.org/list/cs.NE/recent.html]
[arxiv.org/list/cs.NA/recent.html]
[arxiv.org/list/cs.OS/recent.html]
[arxiv.org/list/cs.OH/recent.html]
[arxiv.org/list/cs.PF/recent.html]
[arxiv.org/list/cs.PL/recent.html]
[arxiv.org/list/cs.RO/recent.html]
[arxiv.org/list/cs.SI/recent.html]
[arxiv.org/list/cs.SE/recent.html]
[arxiv.org/list/cs.SD/recent.html]
[arxiv.org/list/cs.SC/recent.html]
[arxiv.org/list/cs.SY/recent.html]
[arxiv.org/archive/q-bio.html]
[arxiv.org/list/q-bio/new.html]
[arxiv.org/list/q-bio/recent.html]
[arxiv.org/new/q-bio.html]
[arxiv.org/new/q-bio.html]
[arxiv.org/list/q-bio.BM/recent.html]
[arxiv.org/list/q-bio.CB/recent.html]
[arxiv.org/list/q-bio.GN/recent.html]
[arxiv.org/list/q-bio.MN/recent.html]
[arxiv.org/list/q-bio.NC/recent.html]
[arxiv.org/list/q-bio.OT/recent.html]
[arxiv.org/list/q-bio.PE/recent.html]
[arxiv.org/list/q-bio.QM/recent.html]
[arxiv.org/list/q-bio.SC/recent.html]
[arxiv.org/list/q-bio.TO/recent.html]
[arxiv.org/archive/q-fin.html]
[arxiv.org/list/q-fin/new.html]
[arxiv.org/list/q-fin/recent.html]
[arxiv.org/help/q-fin.html]
[arxiv.org/list/q-fin.CP/recent.html]
[arxiv.org/list/q-fin.EC/recent.html]
[arxiv.org/list/q-fin.GN/recent.html]
[arxiv.org/list/q-fin.MF/recent.html]
[arxiv.org/list/q-fin.PM/recent.html]
[arxiv.org/list/q-fin.PR/recent.html]
[arxiv.org/list/q-fin.RM/recent.html]
[arxiv.org/list/q-fin.ST/recent.html]
[arxiv.org/list/q-fin.TR/recent.html]
[arxiv.org/archive/stat.html]
[arxiv.org/list/stat/new.html]
[arxiv.org/list/stat/recent.html]
[arxiv.org/new/stat.html]
[arxiv.org/new/stat.html]
[arxiv.org/list/stat.AP/recent.html]
[arxiv.org/list/stat.CO/recent.html]
[arxiv.org/list/stat.ML/recent.html]
[arxiv.org/list/stat.ME/recent.html]
[arxiv.org/list/stat.OT/recent.html]
[arxiv.org/list/stat.TH/recent.html]
[arxiv.org/archive/eess.html]
[arxiv.org/list/eess/new.html]
[arxiv.org/list/eess/recent.html]
[arxiv.org/help/eess]
[arxiv.org/new/eess_announce.html]
[arxiv.org/list/eess.AS/recent.html]
[arxiv.org/list/eess.IV/recent.html]
[arxiv.org/list/eess.SP/recent.html]
[arxiv.org/archive/econ.html]
[arxiv.org/list/econ/new.html]
[arxiv.org/list/econ/recent.html]
[arxiv.org/help/econ.html]
[arxiv.org/list/econ.EM/recent.html]
[arxiv.org/list/econ.GN/recent.html]
[arxiv.org/list/econ.TH/recent.html]
[arxiv.org/help/general.html]
[arxiv.org/help/scientific_ad_board.html]
[arxiv.org/help/support.html]
[confluence.cornell.edu/display/arxivpub/Member+Advisory+Board.html]
[arxiv.org/help/find.html]
[arxiv.org/help/view.html]
[arxiv.org/help/rss.html]
[arxiv.org/help/submit.html]
[arxiv.org/help/moderation.html]
[arxiv.org/index.html]
[static.arxiv.org/css/arXiva102.css]
[arxiv.org/help/stats.html]
[webanalytics.library.cornell.edu/index.html]
[maxcdn.bootstrapcdn.com/font-awesome/4.7.0/css/font-awesome.min.css]
[arxiv.org/bibex/bibex393b.css]
[www.cornell.edu/index.html]
[static.arxiv.org/icons/cu/cornell-reduced-white-SMALL.svg]
[confluence.cornell.edu/pages/viewpaged0f1.html]
[arxiv.org/list/math/recent.html]
[arxiv.org/help.html]
[arxiv.org/licenses/nonexclusive-distrib/1.0/index.html]
[arxiv.org/list/math.SP/new.html]
[arxiv.org/list/math.SP/recent.html]
[arxiv.org/list/math.SP/1901.html]
[arxiv.org/abs/1901ddb4.html]
[arxiv.org/abs/19011db8.html]
[arxiv.org/abs/19012c3e.html]
[ui.adsabs.harvard.edu/index.html]
[arxiv.org/help/social_bookmarking.html]
[arxiv.org/abs/1901-2.html]
[arxiv.org/login7a85.html]
[arxiv.org/help/mathjax.html]
[confluence.cornell.edu/display/arxivpub/Browse+v0.html]
[arxiv.org/bibex/bibex393b.js]
[arxiv.org/about.html]
[arxiv.org/about/people/leadership_team.html]
[arxiv.org/help/contact.html]
[twitter.com/arxiv.html]
[arxiv.org/help/policies/privacy_policy.html]
[blogs.cornell.edu/arxiv/index.html]
[arxiv.org/help/subscribe.html]
[arxiv.org/css/arXivfecf.css]
[arxiv.org/bibex/bibex2785.css]
[arxiv.org/login.html]
[confluence.cornell.edu/display/arxivpub/arXiv+Update+-+January+2019.html]
[arxiv.org/new/index.html]
[arxiv.org/help/robots.html]
[arxiv.org/archive/astro-ph.html]
[arxiv.org/list/astro-ph/new.html]
[arxiv.org/list/astro-ph/recent.html]
[arxiv.org/list/astro-ph.GA/recent.html]
[arxiv.org/list/astro-ph.CO/recent.html]
[arxiv.org/list/astro-ph.EP/recent.html]
[arxiv.org/list/astro-ph.HE/recent.html]
[arxiv.org/list/astro-ph.IM/recent.html]
[arxiv.org/list/astro-ph.SR/recent.html]
[arxiv.org/archive/cond-mat.html]
[arxiv.org/list/cond-mat/new.html]
[arxiv.org/list/cond-mat/recent.html]
[arxiv.org/list/cond-mat.dis-nn/recent.html]
[arxiv.org/list/cond-mat.mtrl-sci/recent.html]
[arxiv.org/list/cond-mat.mes-hall/recent.html]
[arxiv.org/list/cond-mat.other/recent.html]
[arxiv.org/list/cond-mat.quant-gas/recent.html]
[arxiv.org/list/cond-mat.soft/recent.html]
[arxiv.org/list/cond-mat.stat-mech/recent.html]
[arxiv.org/list/cond-mat.str-el/recent.html]
[arxiv.org/list/cond-mat.supr-con/recent.html]
[arxiv.org/archive/gr-qc.html]
[arxiv.org/list/gr-qc/new.html]
[arxiv.org/list/gr-qc/recent.html]
[arxiv.org/archive/hep-ex.html]
[arxiv.org/list/hep-ex/new.html]
[arxiv.org/list/hep-ex/recent.html]
[arxiv.org/archive/hep-lat.html]
[arxiv.org/list/hep-lat/new.html]
[arxiv.org/list/hep-lat/recent.html]
[arxiv.org/archive/hep-ph.html]
[arxiv.org/list/hep-ph/new.html]
[arxiv.org/list/hep-ph/recent.html]
[arxiv.org/archive/hep-th.html]
[arxiv.org/list/hep-th/new.html]
[arxiv.org/list/hep-th/recent.html]
[arxiv.org/archive/math-ph.html]
[arxiv.org/list/math-ph/new.html]
[arxiv.org/list/math-ph/recent.html]
[arxiv.org/archive/nlin.html]
[arxiv.org/list/nlin/new.html]
[arxiv.org/list/nlin/recent.html]
[arxiv.org/list/nlin.AO/recent.html]
[arxiv.org/list/nlin.CG/recent.html]
[arxiv.org/list/nlin.CD/recent.html]
[arxiv.org/list/nlin.SI/recent.html]
[arxiv.org/list/nlin.PS/recent.html]
[arxiv.org/archive/nucl-ex.html]
[arxiv.org/list/nucl-ex/new.html]
[arxiv.org/list/nucl-ex/recent.html]
[arxiv.org/archive/nucl-th.html]
[arxiv.org/list/nucl-th/new.html]
[arxiv.org/list/nucl-th/recent.html]
[arxiv.org/archive/physics.html]
[arxiv.org/list/physics/new.html]
[arxiv.org/list/physics/recent.html]
[arxiv.org/list/physics.acc-ph/recent.html]
[arxiv.org/list/physics.app-ph/recent.html]
[arxiv.org/list/physics.ao-ph/recent.html]
[arxiv.org/list/physics.atom-ph/recent.html]
[arxiv.org/list/physics.atm-clus/recent.html]
[arxiv.org/list/physics.bio-ph/recent.html]
[arxiv.org/list/physics.chem-ph/recent.html]
[arxiv.org/list/physics.class-ph/recent.html]
[arxiv.org/list/physics.comp-ph/recent.html]
[arxiv.org/list/physics.data-an/recent.html]
[arxiv.org/list/physics.flu-dyn/recent.html]
[arxiv.org/list/physics.gen-ph/recent.html]
[arxiv.org/list/physics.geo-ph/recent.html]
[arxiv.org/list/physics.hist-ph/recent.html]
[arxiv.org/list/physics.ins-det/recent.html]
[arxiv.org/list/physics.med-ph/recent.html]
[arxiv.org/list/physics.optics/recent.html]
[arxiv.org/list/physics.ed-ph/recent.html]
[arxiv.org/list/physics.soc-ph/recent.html]
[arxiv.org/list/physics.plasm-ph/recent.html]
[arxiv.org/list/physics.pop-ph/recent.html]
[arxiv.org/list/physics.space-ph/recent.html]
[arxiv.org/archive/quant-ph.html]
[arxiv.org/list/quant-ph/new.html]
[arxiv.org/list/quant-ph/recent.html]
[arxiv.org/archive/math.html]
[arxiv.org/list/math/new.html]
[arxiv.org/new/math.html]
[arxiv.org/list/math.AG/recent.html]
[arxiv.org/list/math.AT/recent.html]
[arxiv.org/list/math.AP/recent.html]
[arxiv.org/list/math.CT/recent.html]
[arxiv.org/list/math.CA/recent.html]
[arxiv.org/list/math.CO/recent.html]
[arxiv.org/list/math.AC/recent.html]
[arxiv.org/list/math.CV/recent.html]
[arxiv.org/list/math.DG/recent.html]
[arxiv.org/list/math.DS/recent.html]
[arxiv.org/list/math.FA/recent.html]
[arxiv.org/list/math.GM/recent.html]
[arxiv.org/list/math.GN/recent.html]
[arxiv.org/list/math.GT/recent.html]
[arxiv.org/list/math.GR/recent.html]
[arxiv.org/list/math.HO/recent.html]
[arxiv.org/list/math.IT/recent.html]
[arxiv.org/list/math.KT/recent.html]
[arxiv.org/list/math.LO/recent.html]
[arxiv.org/list/math.MP/recent.html]
[arxiv.org/list/math.MG/recent.html]
[arxiv.org/list/math.NT/recent.html]
[arxiv.org/list/math.NA/recent.html]
[arxiv.org/list/math.OA/recent.html]
[arxiv.org/list/math.OC/recent.html]
[arxiv.org/list/math.PR/recent.html]
[arxiv.org/list/math.QA/recent.html]
[arxiv.org/list/math.RT/recent.html]
[arxiv.org/list/math.RA/recent.html]
[arxiv.org/list/math.ST/recent.html]
[arxiv.org/list/math.SG/recent.html]
[arxiv.org/corr.html]
[arxiv.org/list/cs/new.html]
[arxiv.org/list/cs/recent.html]
[arxiv.org/corr/subjectclasses.html]
[arxiv.org/list/cs.AI/recent.html]
[arxiv.org/list/cs.CL/recent.html]
[arxiv.org/list/cs.CC/recent.html]
[arxiv.org/list/cs.CE/recent.html]
[arxiv.org/list/cs.CG/recent.html]
[arxiv.org/list/cs.GT/recent.html]
[arxiv.org/list/cs.CV/recent.html]
[arxiv.org/list/cs.CY/recent.html]
[arxiv.org/list/cs.CR/recent.html]
[arxiv.org/list/cs.DS/recent.html]
[arxiv.org/list/cs.DB/recent.html]
[arxiv.org/list/cs.DL/recent.html]
[arxiv.org/list/cs.DM/recent.html]
[arxiv.org/list/cs.DC/recent.html]
[arxiv.org/list/cs.ET/recent.html]
[arxiv.org/list/cs.FL/recent.html]
[arxiv.org/list/cs.GL/recent.html]
[arxiv.org/list/cs.GR/recent.html]
[arxiv.org/list/cs.AR/recent.html]
[arxiv.org/list/cs.HC/recent.html]
[arxiv.org/list/cs.IR/recent.html]
[arxiv.org/list/cs.IT/recent.html]
[arxiv.org/list/cs.LO/recent.html]
[arxiv.org/list/cs.LG/recent.html]
[arxiv.org/list/cs.MS/recent.html]
[arxiv.org/list/cs.MA/recent.html]
[arxiv.org/list/cs.MM/recent.html]
[arxiv.org/list/cs.NI/recent.html]
[arxiv.org/list/cs.NE/recent.html]
[arxiv.org/list/cs.NA/recent.html]
[arxiv.org/list/cs.OS/recent.html]
[arxiv.org/list/cs.OH/recent.html]
[arxiv.org/list/cs.PF/recent.html]
[arxiv.org/list/cs.PL/recent.html]
[arxiv.org/list/cs.RO/recent.html]
[arxiv.org/list/cs.SI/recent.html]
[arxiv.org/list/cs.SE/recent.html]
[arxiv.org/list/cs.SD/recent.html]
[arxiv.org/list/cs.SC/recent.html]
[arxiv.org/list/cs.SY/recent.html]
[arxiv.org/archive/q-bio.html]
[arxiv.org/list/q-bio/new.html]
[arxiv.org/list/q-bio/recent.html]
[arxiv.org/new/q-bio.html]
[arxiv.org/list/q-bio.BM/recent.html]
[arxiv.org/list/q-bio.CB/recent.html]
[arxiv.org/list/q-bio.GN/recent.html]
[arxiv.org/list/q-bio.MN/recent.html]
[arxiv.org/list/q-bio.NC/recent.html]
[arxiv.org/list/q-bio.OT/recent.html]
[arxiv.org/list/q-bio.PE/recent.html]
[arxiv.org/list/q-bio.QM/recent.html]
[arxiv.org/list/q-bio.SC/recent.html]
[arxiv.org/list/q-bio.TO/recent.html]
[arxiv.org/archive/q-fin.html]
[arxiv.org/list/q-fin/new.html]
[arxiv.org/list/q-fin/recent.html]
[arxiv.org/help/q-fin.html]
[arxiv.org/list/q-fin.CP/recent.html]
[arxiv.org/list/q-fin.EC/recent.html]
[arxiv.org/list/q-fin.GN/recent.html]
[arxiv.org/list/q-fin.MF/recent.html]
[arxiv.org/list/q-fin.PM/recent.html]
[arxiv.org/list/q-fin.PR/recent.html]
[arxiv.org/list/q-fin.RM/recent.html]
[arxiv.org/list/q-fin.ST/recent.html]
[arxiv.org/list/q-fin.TR/recent.html]
[arxiv.org/archive/stat.html]
[arxiv.org/list/stat/new.html]
[arxiv.org/list/stat/recent.html]
[arxiv.org/new/stat.html]
[arxiv.org/list/stat.AP/recent.html]
[arxiv.org/list/stat.CO/recent.html]
[arxiv.org/list/stat.ML/recent.html]
[arxiv.org/list/stat.ME/recent.html]
[arxiv.org/list/stat.OT/recent.html]
[arxiv.org/list/stat.TH/recent.html]
[arxiv.org/archive/eess.html]
[arxiv.org/list/eess/new.html]
[arxiv.org/list/eess/recent.html]
[arxiv.org/new/eess_announce.html]
[arxiv.org/list/eess.AS/recent.html]
[arxiv.org/list/eess.IV/recent.html]
[arxiv.org/list/eess.SP/recent.html]
[arxiv.org/archive/econ.html]
[arxiv.org/list/econ/new.html]
[arxiv.org/list/econ/recent.html]
[arxiv.org/help/econ.html]
[arxiv.org/list/econ.EM/recent.html]
[arxiv.org/list/econ.GN/recent.html]
[arxiv.org/list/econ.TH/recent.html]
[arxiv.org/help/general.html]
[arxiv.org/help/scientific_ad_board.html]
[arxiv.org/help/support.html]
[confluence.cornell.edu/display/arxivpub/Member+Advisory+Board.html]
[arxiv.org/help/find.html]
[arxiv.org/help/view.html]
[arxiv.org/help/rss.html]
[arxiv.org/help/submit.html]
[arxiv.org/help/moderation.html]
[arxiv.org/help/stats.html]
